// Jest Snapshot v1, https://goo.gl/fbAQLP

exports[`Test on <GifExpertApp /> Test SnapShot  1`] = `
<div>
  <h1>
    GifExpertApp
  </h1>
  <form
    aria-label="form"
  >
    <input
      placeholder="Buscar Gifs"
      type="text"
      value=""
    />
  </form>
  <ol
    data-testid="category-list"
  />
</div>
`;
